
Discarded input sections

 .data          0x00000000        0x0 ./objects/main.o
 .bss           0x00000000        0x0 ./objects/main.o
 .data          0x00000000        0x0 ./objects/bsp.o
 .bss           0x00000000        0x0 ./objects/bsp.o
 .bss           0x00000000        0x0 ./objects/system_tm4c123.o
 .data          0x00000000        0x0 ./objects/startup_tm4c123gh6pm.o
 .bss           0x00000000        0x0 ./objects/startup_tm4c123gh6pm.o

Memory Configuration

Name             Origin             Length             Attributes
ROM              0x00000000         0x00040000         xr
RAM              0x20000000         0x00008000         xrw
*default*        0x00000000         0xffffffff

Linker script and memory map

LOAD ./objects/main.o
LOAD ./objects/bsp.o
LOAD ./objects/system_tm4c123.o
LOAD ./objects/startup_tm4c123gh6pm.o
LOAD c:/program files (x86)/gnu arm embedded toolchain/10 2021.10/bin/../lib/gcc/arm-none-eabi/10.3.1/../../../../arm-none-eabi/lib/thumb/v7e-m/nofp\libm.a
START GROUP
LOAD c:/program files (x86)/gnu arm embedded toolchain/10 2021.10/bin/../lib/gcc/arm-none-eabi/10.3.1/thumb/v7e-m/nofp\libgcc.a
LOAD c:/program files (x86)/gnu arm embedded toolchain/10 2021.10/bin/../lib/gcc/arm-none-eabi/10.3.1/../../../../arm-none-eabi/lib/thumb/v7e-m/nofp\libc_nano.a
END GROUP
START GROUP
LOAD c:/program files (x86)/gnu arm embedded toolchain/10 2021.10/bin/../lib/gcc/arm-none-eabi/10.3.1/thumb/v7e-m/nofp\libgcc.a
LOAD c:/program files (x86)/gnu arm embedded toolchain/10 2021.10/bin/../lib/gcc/arm-none-eabi/10.3.1/../../../../arm-none-eabi/lib/thumb/v7e-m/nofp\libc_nano.a
LOAD c:/program files (x86)/gnu arm embedded toolchain/10 2021.10/bin/../lib/gcc/arm-none-eabi/10.3.1/../../../../arm-none-eabi/lib/thumb/v7e-m/nofp\libnosys.a
END GROUP
START GROUP
LOAD c:/program files (x86)/gnu arm embedded toolchain/10 2021.10/bin/../lib/gcc/arm-none-eabi/10.3.1/thumb/v7e-m/nofp\libgcc.a
LOAD c:/program files (x86)/gnu arm embedded toolchain/10 2021.10/bin/../lib/gcc/arm-none-eabi/10.3.1/../../../../arm-none-eabi/lib/thumb/v7e-m/nofp\libc_nano.a
LOAD c:/program files (x86)/gnu arm embedded toolchain/10 2021.10/bin/../lib/gcc/arm-none-eabi/10.3.1/../../../../arm-none-eabi/lib/thumb/v7e-m/nofp\libnosys.a
END GROUP
                0x00000800                STACK_SIZE = 0x800
                0x00000000                HEAP_SIZE = 0x0

.isr_vector     0x00000000      0x36c
 *(.isr_vector)
 .isr_vector    0x00000000      0x36c ./objects/startup_tm4c123gh6pm.o
                0x00000000                g_pfnVectors
                0x0000036c                . = ALIGN (0x4)

.text           0x0000036c      0x4b4
                0x0000036c                . = ALIGN (0x4)
 *(.text)
 .text          0x0000036c       0x5c ./objects/main.o
                0x0000036c                main
 .text          0x000003c8       0x34 ./objects/bsp.o
                0x000003c8                assert_failed
                0x000003ec                SysTick_Handler
 .text          0x000003fc      0x2b4 ./objects/system_tm4c123.o
                0x000003fc                SystemCoreClockUpdate
                0x00000634                SystemInit
 .text          0x000006b0      0x124 ./objects/startup_tm4c123gh6pm.o
                0x000006b0                Reset_Handler
                0x00000744                NMI_Handler
                0x0000075c                HardFault_Handler
                0x00000774                MemManage_Handler
                0x0000078c                BusFault_Handler
                0x000007a4                UsageFault_Handler
                0x000007bc                FlashCtrl_IRQHandler
                0x000007bc                GPIOPortP7_IRQHandler
                0x000007bc                Timer0B_IRQHandler
                0x000007bc                I2C0_IRQHandler
                0x000007bc                DebugMon_Handler
                0x000007bc                WideTimer4B_IRQHandler
                0x000007bc                PendSV_Handler
                0x000007bc                WideTimer5B_IRQHandler
                0x000007bc                I2C1_IRQHandler
                0x000007bc                GPIOPortP5_IRQHandler
                0x000007bc                PWMGen0_IRQHandler
                0x000007bc                UART1_IRQHandler
                0x000007bc                CAN1_IRQHandler
                0x000007bc                Timer1B_IRQHandler
                0x000007bc                Watchdog_IRQHandler
                0x000007bc                GPIOPortS_IRQHandler
                0x000007bc                GPIOPortQ7_IRQHandler
                0x000007bc                PWM1Gen2_IRQHandler
                0x000007bc                UART0_IRQHandler
                0x000007bc                GPIOPortL_IRQHandler
                0x000007bc                SSI0_IRQHandler
                0x000007bc                GPIOPortM_IRQHandler
                0x000007bc                FPU_IRQHandler
                0x000007bc                QEI2_IRQHandler
                0x000007bc                ADCSeq1_IRQHandler
                0x000007bc                GPIOPortP0_IRQHandler
                0x000007bc                WideTimer0B_IRQHandler
                0x000007bc                PWMFault_IRQHandler
                0x000007bc                WideTimer1A_IRQHandler
                0x000007bc                PWM1Gen3_IRQHandler
                0x000007bc                I2C5_IRQHandler
                0x000007bc                GPIOPortQ5_IRQHandler
                0x000007bc                PWMGen1_IRQHandler
                0x000007bc                SSI1_IRQHandler
                0x000007bc                I2C2_IRQHandler
                0x000007bc                GPIOPortP4_IRQHandler
                0x000007bc                GPIOPortC_IRQHandler
                0x000007bc                UART5_IRQHandler
                0x000007bc                GPIOPortK_IRQHandler
                0x000007bc                ADCSeq2_IRQHandler
                0x000007bc                PWMGen2_IRQHandler
                0x000007bc                UART2_IRQHandler
                0x000007bc                GPIOPortP3_IRQHandler
                0x000007bc                ADC1Seq0_IRQHandler
                0x000007bc                UART4_IRQHandler
                0x000007bc                GPIOPortJ_IRQHandler
                0x000007bc                Default_Handler
                0x000007bc                WideTimer0A_IRQHandler
                0x000007bc                Timer5A_IRQHandler
                0x000007bc                WideTimer3B_IRQHandler
                0x000007bc                WideTimer2B_IRQHandler
                0x000007bc                WideTimer5A_IRQHandler
                0x000007bc                Timer4A_IRQHandler
                0x000007bc                QEI1_IRQHandler
                0x000007bc                PWM1Fault_IRQHandler
                0x000007bc                GPIOPortP6_IRQHandler
                0x000007bc                QEI0_IRQHandler
                0x000007bc                ADC1Seq2_IRQHandler
                0x000007bc                ADC1Seq1_IRQHandler
                0x000007bc                PWMGen3_IRQHandler
                0x000007bc                GPIOPortD_IRQHandler
                0x000007bc                USB0_IRQHandler
                0x000007bc                I2C3_IRQHandler
                0x000007bc                I2C4_IRQHandler
                0x000007bc                SVC_Handler
                0x000007bc                GPIOPortP2_IRQHandler
                0x000007bc                GPIOPortQ4_IRQHandler
                0x000007bc                Timer3B_IRQHandler
                0x000007bc                Timer3A_IRQHandler
                0x000007bc                GPIOPortA_IRQHandler
                0x000007bc                ADC1Seq3_IRQHandler
                0x000007bc                Timer0A_IRQHandler
                0x000007bc                GPIOPortP1_IRQHandler
                0x000007bc                ADCSeq0_IRQHandler
                0x000007bc                Timer1A_IRQHandler
                0x000007bc                GPIOPortG_IRQHandler
                0x000007bc                GPIOPortQ1_IRQHandler
                0x000007bc                GPIOPortQ3_IRQHandler
                0x000007bc                Timer5B_IRQHandler
                0x000007bc                ADCSeq3_IRQHandler
                0x000007bc                WideTimer4A_IRQHandler
                0x000007bc                GPIOPortE_IRQHandler
                0x000007bc                CAN0_IRQHandler
                0x000007bc                GPIOPortQ0_IRQHandler
                0x000007bc                Comp0_IRQHandler
                0x000007bc                Comp1_IRQHandler
                0x000007bc                Comp2_IRQHandler
                0x000007bc                GPIOPortQ6_IRQHandler
                0x000007bc                SSI2_IRQHandler
                0x000007bc                PWM1Gen0_IRQHandler
                0x000007bc                GPIOPortF_IRQHandler
                0x000007bc                UART7_IRQHandler
                0x000007bc                UART6_IRQHandler
                0x000007bc                WideTimer2A_IRQHandler
                0x000007bc                GPIOPortB_IRQHandler
                0x000007bc                WideTimer3A_IRQHandler
                0x000007bc                CAN2_IRQHandler
                0x000007bc                WideTimer1B_IRQHandler
                0x000007bc                GPIOPortH_IRQHandler
                0x000007bc                GPIOPortQ2_IRQHandler
                0x000007bc                GPIOPortR_IRQHandler
                0x000007bc                Timer4B_IRQHandler
                0x000007bc                uDMAST_IRQHandler
                0x000007bc                Timer2A_IRQHandler
                0x000007bc                SSI3_IRQHandler
                0x000007bc                Timer2B_IRQHandler
                0x000007bc                uDMAError_IRQHandler
                0x000007bc                GPIOPortN_IRQHandler
                0x000007bc                UART3_IRQHandler
                0x000007bc                SysCtrl_IRQHandler
                0x000007bc                Hibernate_IRQHandler
                0x000007bc                PWM1Gen1_IRQHandler
 *(.text*)
 *(.rodata)
 *(.rodata*)
 .rodata.str1.4
                0x000007d4       0x4c ./objects/startup_tm4c123gh6pm.o
 *(.init)
 *(.fini)
                0x00000820                . = ALIGN (0x4)

.glue_7         0x00000820        0x0
 .glue_7        0x00000820        0x0 linker stubs

.glue_7t        0x00000820        0x0
 .glue_7t       0x00000820        0x0 linker stubs

.vfp11_veneer   0x00000820        0x0
 .vfp11_veneer  0x00000820        0x0 linker stubs

.v4_bx          0x00000820        0x0
 .v4_bx         0x00000820        0x0 linker stubs

.iplt           0x00000820        0x0
 .iplt          0x00000820        0x0 ./objects/system_tm4c123.o

.rel.dyn        0x00000820        0x0
 .rel.iplt      0x00000820        0x0 ./objects/system_tm4c123.o

.preinit_array  0x00000820        0x0
                [!provide]                PROVIDE (__preinit_array_start = .)
 *(.preinit_array*)
                [!provide]                PROVIDE (__preinit_array_end = .)

.init_array     0x00000820        0x0
                [!provide]                PROVIDE (__init_array_start = .)
 *(SORT_BY_NAME(.init_array.*))
 *(.init_array*)
                [!provide]                PROVIDE (__init_array_end = .)

.fini_array     0x00000820        0x0
                [!provide]                PROVIDE (__fini_array_start = .)
 *(.fini_array*)
 *(SORT_BY_NAME(.fini_array.*))
                [!provide]                PROVIDE (__fini_array_end = .)
                0x00000820                _etext = .

.stack          0x20000000      0x800
                0x20000000                __stack_start__ = .
                0x20000800                . = (. + STACK_SIZE)
 *fill*         0x20000000      0x800 
                0x20000800                . = ALIGN (0x4)
                0x20000800                __stack_end__ = .

.data           0x20000800        0x4 load address 0x00000820
                0x00000820                __data_load = LOADADDR (.data)
                0x20000800                __data_start = .
 *(.data)
 .data          0x20000800        0x4 ./objects/system_tm4c123.o
                0x20000800                SystemCoreClock
 *(.data*)
                0x20000804                . = ALIGN (0x4)
                0x20000804                __data_end__ = .
                0x20000804                _edata = __data_end__

.igot.plt       0x20000804        0x0 load address 0x00000824
 .igot.plt      0x20000804        0x0 ./objects/system_tm4c123.o

.bss            0x20000804        0x0
                0x20000804                __bss_start__ = .
 *(.bss)
 *(.bss*)
 *(COMMON)
                0x20000804                . = ALIGN (0x4)
                0x20000804                _ebss = .
                0x20000804                __bss_end__ = .
                0x20000804                __exidx_start = .

.ARM.exidx
 *(.ARM.exidx* .gnu.linkonce.armexidx.*)
                0x20000804                __exidx_end = .
                [!provide]                PROVIDE (end = _ebss)
                [!provide]                PROVIDE (_end = _ebss)
                [!provide]                PROVIDE (__end__ = _ebss)

.heap           0x20000804        0x0
                0x20000804                __heap_start__ = .
                0x20000804                . = (. + HEAP_SIZE)
                0x20000804                . = ALIGN (0x4)
                0x20000804                __heap_end__ = .

/DISCARD/
 libc.a(*)
 libm.a(*)
 libgcc.a(*)
OUTPUT(./Objects/lesson.elf elf32-littlearm)
LOAD linker stubs
LOAD c:/program files (x86)/gnu arm embedded toolchain/10 2021.10/bin/../lib/gcc/arm-none-eabi/10.3.1/../../../../arm-none-eabi/lib/thumb/v7e-m/nofp\libc.a
LOAD c:/program files (x86)/gnu arm embedded toolchain/10 2021.10/bin/../lib/gcc/arm-none-eabi/10.3.1/../../../../arm-none-eabi/lib/thumb/v7e-m/nofp\libm.a
LOAD c:/program files (x86)/gnu arm embedded toolchain/10 2021.10/bin/../lib/gcc/arm-none-eabi/10.3.1/thumb/v7e-m/nofp\libgcc.a

.debug_info     0x00000000     0x283f
 .debug_info    0x00000000     0x10af ./objects/main.o
 .debug_info    0x000010af      0x534 ./objects/bsp.o
 .debug_info    0x000015e3      0xf76 ./objects/system_tm4c123.o
 .debug_info    0x00002559      0x2e6 ./objects/startup_tm4c123gh6pm.o

.debug_abbrev   0x00000000      0x54a
 .debug_abbrev  0x00000000      0x11e ./objects/main.o
 .debug_abbrev  0x0000011e      0x17f ./objects/bsp.o
 .debug_abbrev  0x0000029d      0x179 ./objects/system_tm4c123.o
 .debug_abbrev  0x00000416      0x134 ./objects/startup_tm4c123gh6pm.o

.debug_aranges  0x00000000       0x80
 .debug_aranges
                0x00000000       0x20 ./objects/main.o
 .debug_aranges
                0x00000020       0x20 ./objects/bsp.o
 .debug_aranges
                0x00000040       0x20 ./objects/system_tm4c123.o
 .debug_aranges
                0x00000060       0x20 ./objects/startup_tm4c123gh6pm.o

.debug_line     0x00000000      0x9f4
 .debug_line    0x00000000      0x1c8 ./objects/main.o
 .debug_line    0x000001c8      0x1a9 ./objects/bsp.o
 .debug_line    0x00000371      0x543 ./objects/system_tm4c123.o
 .debug_line    0x000008b4      0x140 ./objects/startup_tm4c123gh6pm.o

.debug_str      0x00000000      0x980
 .debug_str     0x00000000      0x744 ./objects/main.o
                                0x790 (size before relaxing)
 .debug_str     0x00000744       0xaf ./objects/bsp.o
                                0x26a (size before relaxing)
 .debug_str     0x000007f3       0x72 ./objects/system_tm4c123.o
                                0x77f (size before relaxing)
 .debug_str     0x00000865      0x11b ./objects/startup_tm4c123gh6pm.o
                                0x205 (size before relaxing)

.comment        0x00000000       0x49
 .comment       0x00000000       0x49 ./objects/main.o
                                 0x4a (size before relaxing)
 .comment       0x00000049       0x4a ./objects/bsp.o
 .comment       0x00000049       0x4a ./objects/system_tm4c123.o
 .comment       0x00000049       0x4a ./objects/startup_tm4c123gh6pm.o

.ARM.attributes
                0x00000000       0x2e
 .ARM.attributes
                0x00000000       0x2e ./objects/main.o
 .ARM.attributes
                0x0000002e       0x2e ./objects/bsp.o
 .ARM.attributes
                0x0000005c       0x2e ./objects/system_tm4c123.o
 .ARM.attributes
                0x0000008a       0x2e ./objects/startup_tm4c123gh6pm.o

.debug_frame    0x00000000      0x100
 .debug_frame   0x00000000       0x20 ./objects/main.o
 .debug_frame   0x00000020       0x30 ./objects/bsp.o
 .debug_frame   0x00000050       0x30 ./objects/system_tm4c123.o
 .debug_frame   0x00000080       0x80 ./objects/startup_tm4c123gh6pm.o

.debug_loc      0x00000000      0x9c3
 .debug_loc     0x00000000       0x25 ./objects/bsp.o
 .debug_loc     0x00000025      0x913 ./objects/system_tm4c123.o
 .debug_loc     0x00000938       0x8b ./objects/startup_tm4c123gh6pm.o

.debug_ranges   0x00000000       0x40
 .debug_ranges  0x00000000       0x40 ./objects/system_tm4c123.o

Cross Reference Table

Symbol                                            File
ADC1Seq0_IRQHandler                               ./objects/startup_tm4c123gh6pm.o
ADC1Seq1_IRQHandler                               ./objects/startup_tm4c123gh6pm.o
ADC1Seq2_IRQHandler                               ./objects/startup_tm4c123gh6pm.o
ADC1Seq3_IRQHandler                               ./objects/startup_tm4c123gh6pm.o
ADCSeq0_IRQHandler                                ./objects/startup_tm4c123gh6pm.o
ADCSeq1_IRQHandler                                ./objects/startup_tm4c123gh6pm.o
ADCSeq2_IRQHandler                                ./objects/startup_tm4c123gh6pm.o
ADCSeq3_IRQHandler                                ./objects/startup_tm4c123gh6pm.o
BusFault_Handler                                  ./objects/startup_tm4c123gh6pm.o
CAN0_IRQHandler                                   ./objects/startup_tm4c123gh6pm.o
CAN1_IRQHandler                                   ./objects/startup_tm4c123gh6pm.o
CAN2_IRQHandler                                   ./objects/startup_tm4c123gh6pm.o
Comp0_IRQHandler                                  ./objects/startup_tm4c123gh6pm.o
Comp1_IRQHandler                                  ./objects/startup_tm4c123gh6pm.o
Comp2_IRQHandler                                  ./objects/startup_tm4c123gh6pm.o
DebugMon_Handler                                  ./objects/startup_tm4c123gh6pm.o
Default_Handler                                   ./objects/startup_tm4c123gh6pm.o
FPU_IRQHandler                                    ./objects/startup_tm4c123gh6pm.o
FlashCtrl_IRQHandler                              ./objects/startup_tm4c123gh6pm.o
GPIOPortA_IRQHandler                              ./objects/startup_tm4c123gh6pm.o
GPIOPortB_IRQHandler                              ./objects/startup_tm4c123gh6pm.o
GPIOPortC_IRQHandler                              ./objects/startup_tm4c123gh6pm.o
GPIOPortD_IRQHandler                              ./objects/startup_tm4c123gh6pm.o
GPIOPortE_IRQHandler                              ./objects/startup_tm4c123gh6pm.o
GPIOPortF_IRQHandler                              ./objects/startup_tm4c123gh6pm.o
GPIOPortG_IRQHandler                              ./objects/startup_tm4c123gh6pm.o
GPIOPortH_IRQHandler                              ./objects/startup_tm4c123gh6pm.o
GPIOPortJ_IRQHandler                              ./objects/startup_tm4c123gh6pm.o
GPIOPortK_IRQHandler                              ./objects/startup_tm4c123gh6pm.o
GPIOPortL_IRQHandler                              ./objects/startup_tm4c123gh6pm.o
GPIOPortM_IRQHandler                              ./objects/startup_tm4c123gh6pm.o
GPIOPortN_IRQHandler                              ./objects/startup_tm4c123gh6pm.o
GPIOPortP0_IRQHandler                             ./objects/startup_tm4c123gh6pm.o
GPIOPortP1_IRQHandler                             ./objects/startup_tm4c123gh6pm.o
GPIOPortP2_IRQHandler                             ./objects/startup_tm4c123gh6pm.o
GPIOPortP3_IRQHandler                             ./objects/startup_tm4c123gh6pm.o
GPIOPortP4_IRQHandler                             ./objects/startup_tm4c123gh6pm.o
GPIOPortP5_IRQHandler                             ./objects/startup_tm4c123gh6pm.o
GPIOPortP6_IRQHandler                             ./objects/startup_tm4c123gh6pm.o
GPIOPortP7_IRQHandler                             ./objects/startup_tm4c123gh6pm.o
GPIOPortQ0_IRQHandler                             ./objects/startup_tm4c123gh6pm.o
GPIOPortQ1_IRQHandler                             ./objects/startup_tm4c123gh6pm.o
GPIOPortQ2_IRQHandler                             ./objects/startup_tm4c123gh6pm.o
GPIOPortQ3_IRQHandler                             ./objects/startup_tm4c123gh6pm.o
GPIOPortQ4_IRQHandler                             ./objects/startup_tm4c123gh6pm.o
GPIOPortQ5_IRQHandler                             ./objects/startup_tm4c123gh6pm.o
GPIOPortQ6_IRQHandler                             ./objects/startup_tm4c123gh6pm.o
GPIOPortQ7_IRQHandler                             ./objects/startup_tm4c123gh6pm.o
GPIOPortR_IRQHandler                              ./objects/startup_tm4c123gh6pm.o
GPIOPortS_IRQHandler                              ./objects/startup_tm4c123gh6pm.o
HardFault_Handler                                 ./objects/startup_tm4c123gh6pm.o
Hibernate_IRQHandler                              ./objects/startup_tm4c123gh6pm.o
I2C0_IRQHandler                                   ./objects/startup_tm4c123gh6pm.o
I2C1_IRQHandler                                   ./objects/startup_tm4c123gh6pm.o
I2C2_IRQHandler                                   ./objects/startup_tm4c123gh6pm.o
I2C3_IRQHandler                                   ./objects/startup_tm4c123gh6pm.o
I2C4_IRQHandler                                   ./objects/startup_tm4c123gh6pm.o
I2C5_IRQHandler                                   ./objects/startup_tm4c123gh6pm.o
MemManage_Handler                                 ./objects/startup_tm4c123gh6pm.o
NMI_Handler                                       ./objects/startup_tm4c123gh6pm.o
PWM1Fault_IRQHandler                              ./objects/startup_tm4c123gh6pm.o
PWM1Gen0_IRQHandler                               ./objects/startup_tm4c123gh6pm.o
PWM1Gen1_IRQHandler                               ./objects/startup_tm4c123gh6pm.o
PWM1Gen2_IRQHandler                               ./objects/startup_tm4c123gh6pm.o
PWM1Gen3_IRQHandler                               ./objects/startup_tm4c123gh6pm.o
PWMFault_IRQHandler                               ./objects/startup_tm4c123gh6pm.o
PWMGen0_IRQHandler                                ./objects/startup_tm4c123gh6pm.o
PWMGen1_IRQHandler                                ./objects/startup_tm4c123gh6pm.o
PWMGen2_IRQHandler                                ./objects/startup_tm4c123gh6pm.o
PWMGen3_IRQHandler                                ./objects/startup_tm4c123gh6pm.o
PendSV_Handler                                    ./objects/startup_tm4c123gh6pm.o
QEI0_IRQHandler                                   ./objects/startup_tm4c123gh6pm.o
QEI1_IRQHandler                                   ./objects/startup_tm4c123gh6pm.o
QEI2_IRQHandler                                   ./objects/startup_tm4c123gh6pm.o
Reset_Handler                                     ./objects/startup_tm4c123gh6pm.o
SSI0_IRQHandler                                   ./objects/startup_tm4c123gh6pm.o
SSI1_IRQHandler                                   ./objects/startup_tm4c123gh6pm.o
SSI2_IRQHandler                                   ./objects/startup_tm4c123gh6pm.o
SSI3_IRQHandler                                   ./objects/startup_tm4c123gh6pm.o
SVC_Handler                                       ./objects/startup_tm4c123gh6pm.o
SysCtrl_IRQHandler                                ./objects/startup_tm4c123gh6pm.o
SysTick_Handler                                   ./objects/bsp.o
SystemCoreClock                                   ./objects/system_tm4c123.o
SystemCoreClockUpdate                             ./objects/system_tm4c123.o
SystemInit                                        ./objects/system_tm4c123.o
                                                  ./objects/startup_tm4c123gh6pm.o
Timer0A_IRQHandler                                ./objects/startup_tm4c123gh6pm.o
Timer0B_IRQHandler                                ./objects/startup_tm4c123gh6pm.o
Timer1A_IRQHandler                                ./objects/startup_tm4c123gh6pm.o
Timer1B_IRQHandler                                ./objects/startup_tm4c123gh6pm.o
Timer2A_IRQHandler                                ./objects/startup_tm4c123gh6pm.o
Timer2B_IRQHandler                                ./objects/startup_tm4c123gh6pm.o
Timer3A_IRQHandler                                ./objects/startup_tm4c123gh6pm.o
Timer3B_IRQHandler                                ./objects/startup_tm4c123gh6pm.o
Timer4A_IRQHandler                                ./objects/startup_tm4c123gh6pm.o
Timer4B_IRQHandler                                ./objects/startup_tm4c123gh6pm.o
Timer5A_IRQHandler                                ./objects/startup_tm4c123gh6pm.o
Timer5B_IRQHandler                                ./objects/startup_tm4c123gh6pm.o
UART0_IRQHandler                                  ./objects/startup_tm4c123gh6pm.o
UART1_IRQHandler                                  ./objects/startup_tm4c123gh6pm.o
UART2_IRQHandler                                  ./objects/startup_tm4c123gh6pm.o
UART3_IRQHandler                                  ./objects/startup_tm4c123gh6pm.o
UART4_IRQHandler                                  ./objects/startup_tm4c123gh6pm.o
UART5_IRQHandler                                  ./objects/startup_tm4c123gh6pm.o
UART6_IRQHandler                                  ./objects/startup_tm4c123gh6pm.o
UART7_IRQHandler                                  ./objects/startup_tm4c123gh6pm.o
USB0_IRQHandler                                   ./objects/startup_tm4c123gh6pm.o
UsageFault_Handler                                ./objects/startup_tm4c123gh6pm.o
Watchdog_IRQHandler                               ./objects/startup_tm4c123gh6pm.o
WideTimer0A_IRQHandler                            ./objects/startup_tm4c123gh6pm.o
WideTimer0B_IRQHandler                            ./objects/startup_tm4c123gh6pm.o
WideTimer1A_IRQHandler                            ./objects/startup_tm4c123gh6pm.o
WideTimer1B_IRQHandler                            ./objects/startup_tm4c123gh6pm.o
WideTimer2A_IRQHandler                            ./objects/startup_tm4c123gh6pm.o
WideTimer2B_IRQHandler                            ./objects/startup_tm4c123gh6pm.o
WideTimer3A_IRQHandler                            ./objects/startup_tm4c123gh6pm.o
WideTimer3B_IRQHandler                            ./objects/startup_tm4c123gh6pm.o
WideTimer4A_IRQHandler                            ./objects/startup_tm4c123gh6pm.o
WideTimer4B_IRQHandler                            ./objects/startup_tm4c123gh6pm.o
WideTimer5A_IRQHandler                            ./objects/startup_tm4c123gh6pm.o
WideTimer5B_IRQHandler                            ./objects/startup_tm4c123gh6pm.o
__bss_end__                                       ./objects/startup_tm4c123gh6pm.o
__bss_start__                                     ./objects/startup_tm4c123gh6pm.o
__data_end__                                      ./objects/startup_tm4c123gh6pm.o
__data_load                                       ./objects/startup_tm4c123gh6pm.o
__data_start                                      ./objects/startup_tm4c123gh6pm.o
__stack_end__                                     ./objects/startup_tm4c123gh6pm.o
assert_failed                                     ./objects/bsp.o
                                                  ./objects/startup_tm4c123gh6pm.o
g_pfnVectors                                      ./objects/startup_tm4c123gh6pm.o
main                                              ./objects/main.o
                                                  ./objects/startup_tm4c123gh6pm.o
software_init_hook                                ./objects/startup_tm4c123gh6pm.o
uDMAError_IRQHandler                              ./objects/startup_tm4c123gh6pm.o
uDMAST_IRQHandler                                 ./objects/startup_tm4c123gh6pm.o
