<html>
<body>
<pre>
<h1>µVision Build Log</h1>
<h2>Tool Versions:</h2>
IDE-Version: µVision V5.39.0.0
Copyright (C) 2023 ARM Ltd and ARM Germany GmbH. All rights reserved.
License Information: Lawrence Catapang, Geotab, LIC=----
 
Tool Versions:
Toolchain:       MDK-Lite  Version: 5.39.0.0
Toolchain Path:  C:\Keil_v5\ARM\ARMCLANG\Bin
C Compiler:      ArmClang.exe V6.21
Assembler:       Armasm.exe V6.21
Linker/Locator:  ArmLink.exe V6.21
Library Manager: ArmAr.exe V6.21
Hex Converter:   FromElf.exe V6.21
CPU DLL:         SARMCM3.DLL V5.39.0.0
Dialog DLL:      DCM.DLL V1.17.5.0
Target DLL:      lmidk-agdi.dll V???
Dialog DLL:      TCM.DLL V1.56.4.0
 
<h2>Project:</h2>
C:\Users\lawre\git_repos\embedded_programming\lesson12\proj.uvprojx
Project File Date:  03/26/2024

<h2>Output:</h2>
*** Using Compiler 'V6.21', folder: 'C:\Keil_v5\ARM\ARMCLANG\Bin'
Build target 'Target 1'
main.c(2): warning: In file included from...
./delay.h(6): warning: no newline at end of file [-Wnewline-eof]
    6 | #endif // __DELAY_H__
      |                      ^
main.c(9): warning: padding size of 'Point' with 1 byte to alignment boundary [-Wpadded]
    9 | typedef struct {
      |         ^
main.c(28): warning: a function declaration without a prototype is deprecated in all versions of C [-Wstrict-prototypes]
   28 | int main() {
      |         ^
      |          void
main.c(14): warning: no previous extern declaration for non-static variable 'p1' [-Wmissing-variable-declarations]
   14 | Point p1, p2;
      |       ^
main.c(14): note: declare 'static' if the variable is not intended to be used outside of this translation unit
   14 | Point p1, p2;
      | ^
main.c(14): warning: no previous extern declaration for non-static variable 'p2' [-Wmissing-variable-declarations]
   14 | Point p1, p2;
      |           ^
main.c(14): note: declare 'static' if the variable is not intended to be used outside of this translation unit
   14 | Point p1, p2;
      | ^
main.c(25): warning: no previous extern declaration for non-static variable 'w' [-Wmissing-variable-declarations]
   25 | Window w, w2;
      |        ^
main.c(25): note: declare 'static' if the variable is not intended to be used outside of this translation unit
   25 | Window w, w2;
      | ^
main.c(25): warning: no previous extern declaration for non-static variable 'w2' [-Wmissing-variable-declarations]
   25 | Window w, w2;
      |           ^
main.c(25): note: declare 'static' if the variable is not intended to be used outside of this translation unit
   25 | Window w, w2;
      | ^
main.c(26): warning: no previous extern declaration for non-static variable 't' [-Wmissing-variable-declarations]
   26 | Triangle t;
      |          ^
main.c(26): note: declare 'static' if the variable is not intended to be used outside of this translation unit
   26 | Triangle t;
      | ^
main.c(39): warning: unsafe buffer access [-Wunsafe-buffer-usage]
   39 |         t.corners[2].y = 2U;
      |         ^~~~~~~~~
main.c(59): warning: unsafe buffer access [-Wunsafe-buffer-usage]
   59 |         GPIOF_AHB->DATA_Bits[LED_BLUE] = LED_BLUE;
      |         ^~~~~~~~~~~~~~~~~~~~
./tm4c_cmsis.h(1182): note: expanded from macro 'GPIOF_AHB'
 1182 | #define GPIOF_AHB           ((GPIO_Type *)GPIO_PORTF_AHB_BASE)
      |                             ^
main.c(61): warning: unsafe buffer access [-Wunsafe-buffer-usage]
   61 |                 GPIOF_AHB->DATA_Bits[LED_RED] = LED_RED;                
      |                 ^~~~~~~~~~~~~~~~~~~~
./tm4c_cmsis.h(1182): note: expanded from macro 'GPIOF_AHB'
 1182 | #define GPIOF_AHB           ((GPIO_Type *)GPIO_PORTF_AHB_BASE)
      |                             ^
main.c(65): warning: unsafe buffer access [-Wunsafe-buffer-usage]
   65 |                 GPIOF_AHB->DATA_Bits[LED_RED] = 0;
      |                 ^~~~~~~~~~~~~~~~~~~~
./tm4c_cmsis.h(1182): note: expanded from macro 'GPIOF_AHB'
 1182 | #define GPIOF_AHB           ((GPIO_Type *)GPIO_PORTF_AHB_BASE)
      |                             ^
12 warnings generated.
compiling main.c...
linking...
Program Size: Code=1148 RO-data=636 RW-data=0 ZI-data=648  
".\Objects\proj.axf" - 0 Error(s), 12 Warning(s).

<h2>Software Packages used:</h2>

Package Vendor: ARM
                http://www.keil.com/pack/ARM.CMSIS.5.9.0.pack
                ARM::CMSIS@5.9.0
                CMSIS (Common Microcontroller Software Interface Standard)
   * Component: CORE Version: 5.6.0

Package Vendor: Keil
                http://www.keil.com/pack/Keil.TM4C_DFP.1.1.0.pack
                Keil::TM4C_DFP@1.1.0
                Texas Instruments Tiva C Series Device Support and Examples
   * Component: Startup Version: 1.0.1

<h2>Collection of Component include folders:</h2>
  ./RTE/_Target_1
  C:/Users/lawre/AppData/Local/Arm/Packs/ARM/CMSIS/5.9.0/CMSIS/Core/Include
  C:/Users/lawre/AppData/Local/Arm/Packs/Keil/TM4C_DFP/1.1.0/Device/Include/TM4C123

<h2>Collection of Component Files used:</h2>

   * Component: ARM::CMSIS:CORE@5.6.0

   * Component: Keil::Device:Startup@1.0.1
      Include file:  Device/Include/TM4C123/TM4C123.h
      Source file:   Device/Source/system_TM4C123.c
      Source file:   Device/Source/ARM/startup_TM4C123.s
Build Time Elapsed:  00:00:01
</pre>
</body>
</html>
